D:\DEV\S\TRAINING\SampleDesignPatterns\DesignPattern\src\main\java\com\jdayssol\designpattern\ui\views\categorieslist\CategoriesList.java
D:\DEV\S\TRAINING\SampleDesignPatterns\DesignPattern\src\main\java\com\jdayssol\designpattern\backend\CategoryService.java
D:\DEV\S\TRAINING\SampleDesignPatterns\DesignPattern\src\main\java\com\jdayssol\designpattern\behaviour\command\CommandeSolder.java
D:\DEV\S\TRAINING\SampleDesignPatterns\DesignPattern\src\main\java\com\jdayssol\designpattern\ui\common\ConfirmationDialog.java
D:\DEV\S\TRAINING\SampleDesignPatterns\DesignPattern\src\main\java\com\jdayssol\designpattern\constructor\abstractfactory\Catalogue.java
D:\DEV\S\TRAINING\SampleDesignPatterns\DesignPattern\src\main\java\com\jdayssol\designpattern\other\mvc\BaseVehicules.java
D:\DEV\S\TRAINING\SampleDesignPatterns\DesignPattern\src\main\java\com\jdayssol\designpattern\structuration\bridge\FormImmatriculationLuxembourg.java
D:\DEV\S\TRAINING\SampleDesignPatterns\DesignPattern\src\main\java\com\jdayssol\designpattern\constructor\abstractfactory\ScooterElectricite.java
D:\DEV\S\TRAINING\SampleDesignPatterns\DesignPattern\src\main\java\com\jdayssol\designpattern\other\mvc\Sujet.java
D:\DEV\S\TRAINING\SampleDesignPatterns\DesignPattern\src\main\java\com\jdayssol\designpattern\other\multicast\RecepteurGeneral.java
D:\DEV\S\TRAINING\SampleDesignPatterns\DesignPattern\src\main\java\com\jdayssol\designpattern\other\mvc\ControleurMenuChoix.java
D:\DEV\S\TRAINING\SampleDesignPatterns\DesignPattern\src\main\java\com\jdayssol\designpattern\other\multicast\Employe.java
D:\DEV\S\TRAINING\SampleDesignPatterns\DesignPattern\src\main\java\com\jdayssol\designpattern\structuration\composite\Utilisateur.java
D:\DEV\S\TRAINING\SampleDesignPatterns\DesignPattern\src\main\java\com\jdayssol\designpattern\structuration\bridge\FormulaireImpl.java
D:\DEV\S\TRAINING\SampleDesignPatterns\DesignPattern\src\main\java\com\jdayssol\designpattern\behaviour\chainofresponsability\Marque.java
D:\DEV\S\TRAINING\SampleDesignPatterns\DesignPattern\src\main\java\com\jdayssol\designpattern\ui\views\reviewslist\ReviewEditorDialog.java
D:\DEV\S\TRAINING\SampleDesignPatterns\DesignPattern\src\main\java\com\jdayssol\designpattern\behaviour\iterator\Utilisateur.java
D:\DEV\S\TRAINING\SampleDesignPatterns\DesignPattern\src\main\java\com\jdayssol\designpattern\constructor\builder\LiasseHtml.java
D:\DEV\S\TRAINING\SampleDesignPatterns\DesignPattern\src\main\java\com\jdayssol\designpattern\other\multicast\Concession.java
D:\DEV\S\TRAINING\SampleDesignPatterns\DesignPattern\src\main\java\com\jdayssol\designpattern\other\multicast\MessageAbstrait.java
D:\DEV\S\TRAINING\SampleDesignPatterns\DesignPattern\src\main\java\com\jdayssol\designpattern\other\mvc\MvcApplication.java
D:\DEV\S\TRAINING\SampleDesignPatterns\DesignPattern\src\main\java\com\jdayssol\designpattern\constructor\abstractfactory\FabriqueVehicule.java
D:\DEV\S\TRAINING\SampleDesignPatterns\DesignPattern\src\main\java\com\jdayssol\designpattern\structuration\decorator\MarqueDecorateur.java
D:\DEV\S\TRAINING\SampleDesignPatterns\DesignPattern\src\main\java\com\jdayssol\designpattern\behaviour\interpreter\OperateurEt.java
D:\DEV\S\TRAINING\SampleDesignPatterns\DesignPattern\src\main\java\com\jdayssol\designpattern\structuration\adapter\Document.java
D:\DEV\S\TRAINING\SampleDesignPatterns\DesignPattern\src\main\java\com\jdayssol\designpattern\structuration\composite\Societe.java
D:\DEV\S\TRAINING\SampleDesignPatterns\DesignPattern\src\main\java\com\jdayssol\designpattern\behaviour\interpreter\Utilisateur.java
D:\DEV\S\TRAINING\SampleDesignPatterns\DesignPattern\src\main\java\com\jdayssol\designpattern\behaviour\iterator\Iterateur.java
D:\DEV\S\TRAINING\SampleDesignPatterns\DesignPattern\src\main\java\com\jdayssol\designpattern\structuration\adapter\DocumentHtml.java
D:\DEV\S\TRAINING\SampleDesignPatterns\DesignPattern\src\main\java\com\jdayssol\designpattern\other\multicast\Commercial.java
D:\DEV\S\TRAINING\SampleDesignPatterns\DesignPattern\src\main\java\com\jdayssol\designpattern\behaviour\command\Catalogue.java
D:\DEV\S\TRAINING\SampleDesignPatterns\DesignPattern\src\main\java\com\jdayssol\designpattern\constructor\abstractfactory\AutomobileElectricite.java
D:\DEV\S\TRAINING\SampleDesignPatterns\DesignPattern\src\main\java\com\jdayssol\designpattern\other\multicast\ExpediteurAbstrait.java
D:\DEV\S\TRAINING\SampleDesignPatterns\DesignPattern\src\main\java\com\jdayssol\designpattern\ui\MainLayout.java
D:\DEV\S\TRAINING\SampleDesignPatterns\DesignPattern\src\main\java\com\jdayssol\designpattern\structuration\decorator\VueCatalogue.java
D:\DEV\S\TRAINING\SampleDesignPatterns\DesignPattern\src\main\java\com\jdayssol\designpattern\structuration\facade\WebServiceAutoImpl.java
D:\DEV\S\TRAINING\SampleDesignPatterns\DesignPattern\src\main\java\com\jdayssol\designpattern\behaviour\command\Utilisateur.java
D:\DEV\S\TRAINING\SampleDesignPatterns\DesignPattern\src\main\java\com\jdayssol\designpattern\constructor\abstractfactory\AutomobileEssence.java
D:\DEV\S\TRAINING\SampleDesignPatterns\DesignPattern\src\main\java\com\jdayssol\designpattern\behaviour\mediator\ZoneSaisie.java
D:\DEV\S\TRAINING\SampleDesignPatterns\DesignPattern\src\main\java\com\jdayssol\designpattern\structuration\facade\Catalogue.java
D:\DEV\S\TRAINING\SampleDesignPatterns\DesignPattern\src\main\java\com\jdayssol\designpattern\structuration\facade\WebServiceAuto.java
D:\DEV\S\TRAINING\SampleDesignPatterns\DesignPattern\src\main\java\com\jdayssol\designpattern\constructor\builder\ClientVehicule.java
D:\DEV\S\TRAINING\SampleDesignPatterns\DesignPattern\src\main\java\com\jdayssol\designpattern\other\multicast\MessageGeneral.java
D:\DEV\S\TRAINING\SampleDesignPatterns\DesignPattern\src\main\java\com\jdayssol\designpattern\other\mvc\Observateur.java
D:\DEV\S\TRAINING\SampleDesignPatterns\DesignPattern\src\main\java\com\jdayssol\designpattern\structuration\composite\SocieteMere.java
D:\DEV\S\TRAINING\SampleDesignPatterns\DesignPattern\src\main\java\com\jdayssol\designpattern\structuration\decorator\VueVehicule.java
D:\DEV\S\TRAINING\SampleDesignPatterns\DesignPattern\src\main\java\com\jdayssol\designpattern\ui\encoders\LocalDateToStringEncoder.java
D:\DEV\S\TRAINING\SampleDesignPatterns\DesignPattern\src\main\java\com\jdayssol\designpattern\behaviour\mediator\PopupMenu.java
D:\DEV\S\TRAINING\SampleDesignPatterns\DesignPattern\src\main\java\com\jdayssol\designpattern\other\multicast\Administratif.java
D:\DEV\S\TRAINING\SampleDesignPatterns\DesignPattern\src\main\java\com\jdayssol\designpattern\backend\StaticData.java
D:\DEV\S\TRAINING\SampleDesignPatterns\DesignPattern\src\main\java\com\jdayssol\designpattern\behaviour\memento\OptionVehicule.java
D:\DEV\S\TRAINING\SampleDesignPatterns\DesignPattern\src\main\java\com\jdayssol\designpattern\ui\views\categorieslist\CategoryEditorDialog.java
D:\DEV\S\TRAINING\SampleDesignPatterns\DesignPattern\src\main\java\com\jdayssol\designpattern\structuration\bridge\FormulaireImmatriculation.java
D:\DEV\S\TRAINING\SampleDesignPatterns\DesignPattern\src\main\java\com\jdayssol\designpattern\behaviour\mediator\Formulaire.java
D:\DEV\S\TRAINING\SampleDesignPatterns\DesignPattern\src\main\java\com\jdayssol\designpattern\other\multicast\DirectionCommerciale.java
D:\DEV\S\TRAINING\SampleDesignPatterns\DesignPattern\src\main\java\com\jdayssol\designpattern\behaviour\interpreter\MotCle.java
D:\DEV\S\TRAINING\SampleDesignPatterns\DesignPattern\src\main\java\com\jdayssol\designpattern\behaviour\interpreter\Expression.java
D:\DEV\S\TRAINING\SampleDesignPatterns\DesignPattern\src\main\java\com\jdayssol\designpattern\behaviour\interpreter\OperateurBinaire.java
D:\DEV\S\TRAINING\SampleDesignPatterns\DesignPattern\src\main\java\com\jdayssol\designpattern\structuration\decorator\ComposantGraphiqueVehicule.java
D:\DEV\S\TRAINING\SampleDesignPatterns\DesignPattern\src\main\java\com\jdayssol\designpattern\ui\views\reviewslist\ReviewsList.java
D:\DEV\S\TRAINING\SampleDesignPatterns\DesignPattern\src\main\java\com\jdayssol\designpattern\constructor\abstractfactory\FabriqueVehiculeElectricite.java
D:\DEV\S\TRAINING\SampleDesignPatterns\DesignPattern\src\main\java\com\jdayssol\designpattern\constructor\builder\Liasse.java
D:\DEV\S\TRAINING\SampleDesignPatterns\DesignPattern\src\main\java\com\jdayssol\designpattern\behaviour\iterator\Vehicule.java
D:\DEV\S\TRAINING\SampleDesignPatterns\DesignPattern\src\main\java\com\jdayssol\designpattern\constructor\abstractfactory\ScooterEssence.java
D:\DEV\S\TRAINING\SampleDesignPatterns\DesignPattern\src\main\java\com\jdayssol\designpattern\structuration\bridge\FormAppletImpl.java
D:\DEV\S\TRAINING\SampleDesignPatterns\DesignPattern\src\main\java\com\jdayssol\designpattern\structuration\flyweight\VehiculeCommande.java
D:\DEV\S\TRAINING\SampleDesignPatterns\DesignPattern\src\main\java\com\jdayssol\designpattern\structuration\bridge\FormHtmlImpl.java
D:\DEV\S\TRAINING\SampleDesignPatterns\DesignPattern\src\main\java\com\jdayssol\designpattern\other\multicast\MessageCommercial.java
D:\DEV\S\TRAINING\SampleDesignPatterns\DesignPattern\src\main\java\com\jdayssol\designpattern\behaviour\mediator\Bouton.java
D:\DEV\S\TRAINING\SampleDesignPatterns\DesignPattern\src\main\java\com\jdayssol\designpattern\behaviour\iterator\CatalogueVehicule.java
D:\DEV\S\TRAINING\SampleDesignPatterns\DesignPattern\src\main\java\com\jdayssol\designpattern\behaviour\memento\ChariotOption.java
D:\DEV\S\TRAINING\SampleDesignPatterns\DesignPattern\src\main\java\com\jdayssol\designpattern\behaviour\memento\MementoImpl.java
D:\DEV\S\TRAINING\SampleDesignPatterns\DesignPattern\src\main\java\com\jdayssol\designpattern\constructor\abstractfactory\Automobile.java
D:\DEV\S\TRAINING\SampleDesignPatterns\DesignPattern\src\main\java\com\jdayssol\designpattern\constructor\factorymethod\ClientCredit.java
D:\DEV\S\TRAINING\SampleDesignPatterns\DesignPattern\src\main\java\com\jdayssol\designpattern\ui\common\AbstractEditorDialog.java
D:\DEV\S\TRAINING\SampleDesignPatterns\DesignPattern\src\main\java\com\jdayssol\designpattern\behaviour\command\Vehicule.java
D:\DEV\S\TRAINING\SampleDesignPatterns\DesignPattern\src\main\java\com\jdayssol\designpattern\structuration\facade\ComposantGestionDocument.java
D:\DEV\S\TRAINING\SampleDesignPatterns\DesignPattern\src\main\java\com\jdayssol\designpattern\constructor\abstractfactory\FabriqueVehiculeEssence.java
D:\DEV\S\TRAINING\SampleDesignPatterns\DesignPattern\src\main\java\com\jdayssol\designpattern\constructor\factorymethod\CommandeComptant.java
D:\DEV\S\TRAINING\SampleDesignPatterns\DesignPattern\src\main\java\com\jdayssol\designpattern\behaviour\iterator\Element.java
D:\DEV\S\TRAINING\SampleDesignPatterns\DesignPattern\src\main\java\com\jdayssol\designpattern\constructor\builder\LiassePdf.java
D:\DEV\S\TRAINING\SampleDesignPatterns\DesignPattern\src\main\java\com\jdayssol\designpattern\behaviour\interpreter\OperateurOu.java
D:\DEV\S\TRAINING\SampleDesignPatterns\DesignPattern\src\main\java\com\jdayssol\designpattern\structuration\adapter\ComposantPdf.java
D:\DEV\S\TRAINING\SampleDesignPatterns\DesignPattern\src\main\java\com\jdayssol\designpattern\constructor\factorymethod\Utilisateur.java
D:\DEV\S\TRAINING\SampleDesignPatterns\DesignPattern\src\main\java\com\jdayssol\designpattern\behaviour\memento\Memento.java
D:\DEV\S\TRAINING\SampleDesignPatterns\DesignPattern\src\main\java\com\jdayssol\designpattern\behaviour\chainofresponsability\Modele.java
D:\DEV\S\TRAINING\SampleDesignPatterns\DesignPattern\src\main\java\com\jdayssol\designpattern\other\multicast\ExpediteurCommercial.java
D:\DEV\S\TRAINING\SampleDesignPatterns\DesignPattern\src\main\java\com\jdayssol\designpattern\structuration\bridge\Utilisateur.java
D:\DEV\S\TRAINING\SampleDesignPatterns\DesignPattern\src\main\java\com\jdayssol\designpattern\constructor\factorymethod\Commande.java
D:\DEV\S\TRAINING\SampleDesignPatterns\DesignPattern\src\main\java\com\jdayssol\designpattern\other\multicast\RecepteurAbstrait.java
D:\DEV\S\TRAINING\SampleDesignPatterns\DesignPattern\src\main\java\com\jdayssol\designpattern\structuration\adapter\DocumentPdf.java
D:\DEV\S\TRAINING\SampleDesignPatterns\DesignPattern\src\main\java\com\jdayssol\designpattern\other\multicast\RecepteurCommercial.java
D:\DEV\S\TRAINING\SampleDesignPatterns\DesignPattern\src\main\java\com\jdayssol\designpattern\constructor\builder\ConstructeurLiasseVehiculePdf.java
D:\DEV\S\TRAINING\SampleDesignPatterns\DesignPattern\src\main\java\com\jdayssol\designpattern\backend\Category.java
D:\DEV\S\TRAINING\SampleDesignPatterns\DesignPattern\src\main\java\com\jdayssol\designpattern\behaviour\iterator\IterateurVehicule.java
D:\DEV\S\TRAINING\SampleDesignPatterns\DesignPattern\src\main\java\com\jdayssol\designpattern\behaviour\mediator\Utilisateur.java
D:\DEV\S\TRAINING\SampleDesignPatterns\DesignPattern\src\main\java\com\jdayssol\designpattern\structuration\bridge\FormImmatriculationFrance.java
D:\DEV\S\TRAINING\SampleDesignPatterns\DesignPattern\src\main\java\com\jdayssol\designpattern\constructor\builder\ConstructeurLiasseVehicule.java
D:\DEV\S\TRAINING\SampleDesignPatterns\DesignPattern\src\main\java\com\jdayssol\designpattern\structuration\composite\SocieteSansFiliale.java
D:\DEV\S\TRAINING\SampleDesignPatterns\DesignPattern\src\main\java\com\jdayssol\designpattern\ui\encoders\LongToStringEncoder.java
D:\DEV\S\TRAINING\SampleDesignPatterns\DesignPattern\src\main\java\com\jdayssol\designpattern\behaviour\memento\Utilisateur.java
D:\DEV\S\TRAINING\SampleDesignPatterns\DesignPattern\src\main\java\com\jdayssol\designpattern\structuration\adapter\ServeurWeb.java
D:\DEV\S\TRAINING\SampleDesignPatterns\DesignPattern\src\main\java\com\jdayssol\designpattern\backend\Review.java
D:\DEV\S\TRAINING\SampleDesignPatterns\DesignPattern\src\main\java\com\jdayssol\designpattern\other\mvc\Controleur.java
D:\DEV\S\TRAINING\SampleDesignPatterns\DesignPattern\src\main\java\com\jdayssol\designpattern\structuration\facade\UtilisateurWebService.java
D:\DEV\S\TRAINING\SampleDesignPatterns\DesignPattern\src\main\java\com\jdayssol\designpattern\constructor\abstractfactory\Scooter.java
D:\DEV\S\TRAINING\SampleDesignPatterns\DesignPattern\src\main\java\com\jdayssol\designpattern\structuration\flyweight\Client.java
D:\DEV\S\TRAINING\SampleDesignPatterns\DesignPattern\src\main\java\com\jdayssol\designpattern\other\multicast\DirectionGenerale.java
D:\DEV\S\TRAINING\SampleDesignPatterns\DesignPattern\src\main\java\com\jdayssol\designpattern\constructor\builder\ConstructeurLiasseVehiculeHtml.java
D:\DEV\S\TRAINING\SampleDesignPatterns\DesignPattern\src\main\java\com\jdayssol\designpattern\backend\ReviewService.java
D:\DEV\S\TRAINING\SampleDesignPatterns\DesignPattern\src\main\java\com\jdayssol\designpattern\behaviour\iterator\Catalogue.java
D:\DEV\S\TRAINING\SampleDesignPatterns\DesignPattern\src\main\java\com\jdayssol\designpattern\behaviour\chainofresponsability\Utilisateur.java
D:\DEV\S\TRAINING\SampleDesignPatterns\DesignPattern\src\main\java\com\jdayssol\designpattern\structuration\flyweight\FabriqueOption.java
D:\DEV\S\TRAINING\SampleDesignPatterns\DesignPattern\src\main\java\com\jdayssol\designpattern\other\multicast\ExpediteurGeneral.java
D:\DEV\S\TRAINING\SampleDesignPatterns\DesignPattern\src\main\java\com\jdayssol\designpattern\other\mvc\VuePrincipale.java
D:\DEV\S\TRAINING\SampleDesignPatterns\DesignPattern\src\main\java\com\jdayssol\designpattern\behaviour\mediator\Controle.java
D:\DEV\S\TRAINING\SampleDesignPatterns\DesignPattern\src\main\java\com\jdayssol\designpattern\structuration\decorator\ModeleDecorateur.java
D:\DEV\S\TRAINING\SampleDesignPatterns\DesignPattern\src\main\java\com\jdayssol\designpattern\structuration\facade\ComposantCatalogue.java
D:\DEV\S\TRAINING\SampleDesignPatterns\DesignPattern\src\main\java\com\jdayssol\designpattern\behaviour\chainofresponsability\ObjetBase.java
D:\DEV\S\TRAINING\SampleDesignPatterns\DesignPattern\src\main\java\com\jdayssol\designpattern\constructor\factorymethod\CommandeCredit.java
D:\DEV\S\TRAINING\SampleDesignPatterns\DesignPattern\src\main\java\com\jdayssol\designpattern\constructor\builder\Vendeur.java
D:\DEV\S\TRAINING\SampleDesignPatterns\DesignPattern\src\main\java\com\jdayssol\designpattern\structuration\flyweight\OptionVehicule.java
D:\DEV\S\TRAINING\SampleDesignPatterns\DesignPattern\src\main\java\com\jdayssol\designpattern\other\mvc\ControleurBoutonAvisSuivant.java
D:\DEV\S\TRAINING\SampleDesignPatterns\DesignPattern\src\main\java\com\jdayssol\designpattern\behaviour\chainofresponsability\Vehicule.java
D:\DEV\S\TRAINING\SampleDesignPatterns\DesignPattern\src\main\java\com\jdayssol\designpattern\structuration\decorator\Decorateur.java
D:\DEV\S\TRAINING\SampleDesignPatterns\DesignPattern\src\main\java\com\jdayssol\designpattern\structuration\facade\GestionDocument.java
D:\DEV\S\TRAINING\SampleDesignPatterns\DesignPattern\src\main\java\com\jdayssol\designpattern\constructor\factorymethod\Client.java
D:\DEV\S\TRAINING\SampleDesignPatterns\DesignPattern\src\main\java\com\jdayssol\designpattern\constructor\factorymethod\ClientComptant.java
